== sugestao-separada
$ aurumcode review --base main --changelog
## Code Review Summary

**Verdict:** Approve

**Findings by severity:**
- error: 0
- warning: 0
- info: 0

**Files touched:**
- None


```mermaid
flowchart TD
    n0["app.py"]

```

### Suggested release

**Next version:** `0.0.0`

**Bump:** none

## 0.0.0

### Added

### Changed

- feature: repo-exemplo/mudanca (a17f7b1651a4a66b104060522ac654a140cdfc59)

### Fixed

### Removed
No issues found.
exit_code=0
RESULTADO: o review publicou a sugestao de changelog sem decidir o merge
$ aurumcode changelog --base main
changelog: reprovado (entrada_ausente): a PR não altera CHANGELOG.md
exit_code=1
RESULTADO: a sugestao nao substitui a entrada: o check obrigatorio reprovou
