== nosemgrep-e-semgrepignore
--- sem politica (config do proprio repositorio): nosemgrep e .semgrepignore valem
$ aurumcode review --base main
## AurumCode revisão de código

> [!TIP]
> **Aprovado: nenhum problema encontrado na mudança revisada.**

sem gate declarado · 3 arquivos revisados

Cobertura da revisão
- 1 arquivo não tem gramática no runtime: o contexto estrutural (símbolos e imports) não foi produzido e o modelo leu apenas o texto.
  - .semgrepignore
Nenhum problema encontrado.
exit_code=0
RESULTADO: sem politica, o nosemgrep e o .semgrepignore silenciam os dois eval()
--- sob politica central: o mesmo codigo, o autor nao consegue silenciar
$ aurumcode review --base main --politica /policy
aurumcode review: reaproveitamento do veredito do gate indisponível (AURUMCODE_CACHE_DIR não definido): o veredito desta execução não pode ser compartilhado com outra execução, nem reaproveitar um anterior
aurumcode review: policy gate: semgrep:policy.regras.demo-sem-eval - eval() executa texto como codigo; use uma tabela de operacoes (rule semgrep:policy.regras.demo-sem-eval) (severidade error, limiar error, origem sast, secao policy)
aurumcode review: policy gate: semgrep:policy.regras.demo-sem-eval - eval() executa texto como codigo; use uma tabela de operacoes (rule semgrep:policy.regras.demo-sem-eval) (severidade error, limiar error, origem sast, secao policy)
## AurumCode revisão de código

> [!CAUTION]
> **Bloqueado: 2 problemas precisam de correção antes do merge.**

gate da política: reprovou · 3 arquivos revisados

Cobertura da revisão
- 1 arquivo não tem gramática no runtime: o contexto estrutural (símbolos e imports) não foi produzido e o modelo leu apenas o texto.
  - .semgrepignore
calc.js:5: [error] eval() executa texto como codigo; use uma tabela de operacoes (rule semgrep:policy.regras.demo-sem-eval)
legado.js:2: [error] eval() executa texto como codigo; use uma tabela de operacoes (rule semgrep:policy.regras.demo-sem-eval)
exit_code=3
RESULTADO: sob politica, os dois eval() aparecem apesar de nosemgrep e .semgrepignore
