== origem-sast
$ aurumcode review --base main --politica /policy --auditoria auditoria.json
aurumcode review: reaproveitamento do veredito do gate indisponível (AURUMCODE_CACHE_DIR não definido): o veredito desta execução não pode ser compartilhado com outra execução, nem reaproveitar um anterior
aurumcode review: policy gate: semgrep:policy.regras.demo-sem-eval - eval() executa texto como codigo; use uma tabela de operacoes (rule semgrep:policy.regras.demo-sem-eval) (severidade error, limiar error, origem sast, secao policy)
## AurumCode revisão de código

> [!CAUTION]
> **Bloqueado: 1 problema precisa de correção antes do merge.**

gate da política: reprovou · 1 arquivo revisado
calc.js:5: [error] eval() executa texto como codigo; use uma tabela de operacoes (rule semgrep:policy.regras.demo-sem-eval)
exit_code=3
RESULTADO: a politica conta o achado de origem sast
auditoria blocking_findings: rule_id=semgrep:policy.regras.demo-sem-eval path=calc.js line=5 origin=sast
--- gate.sources sem sast
$ aurumcode review --base main --politica /policy
aurumcode review: reaproveitamento do veredito do gate indisponível (AURUMCODE_CACHE_DIR não definido): o veredito desta execução não pode ser compartilhado com outra execução, nem reaproveitar um anterior
## AurumCode revisão de código

> [!NOTE]
> **Aprovado com 1 observação que não bloqueia o merge.**

gate da política: passou · 1 arquivo revisado
calc.js:5: [error] eval() executa texto como codigo; use uma tabela de operacoes (rule semgrep:policy.regras.demo-sem-eval)
exit_code=0
RESULTADO: com gate.sources sem sast, o achado do Semgrep e publicado mas nao reprova o gate
