== politica-local
--- sem politica: nenhum gate
$ aurumcode review --base main
aurumcode review: 1 finding(s) discarded: 1 citing an unknown rule_id (seguranca#sem-segredos-no-codigo)
## AurumCode code review

> [!TIP]
> **Approved: no problem found in the reviewed change.**

no gate declared · 1 file reviewed
No issues found.
exit_code=0
RESULTADO: sem politica nao ha gate
--- com --politica: a politica impoe o gate e o idioma
$ aurumcode review --base main --politica /policy
aurumcode review: verificação: app.go:6 seguranca#sem-segredos-no-codigo continua bloqueando (invalid_answer: veredito desconhecido "")
aurumcode review: gate verdict reuse unavailable (AURUMCODE_CACHE_DIR not set): this run's verdict cannot be shared with another run, and could not reuse one either
## AurumCode revisão de código

> [!CAUTION]
> **Bloqueado: 1 problema precisa de correção antes do merge.**

gate da política: reprovou · 1 arquivo revisado
app.go:6: [warning] Credencial literal proibida pela politica da organizacao. (rule seguranca#sem-segredos-no-codigo: Sem segredos no codigo)
  - Impacto: A senha vai para o historico do repositorio.
  - Evidência: A linha adicionada atribui o literal "hunter2" a dbPassword em app.go.
  - Correção sugerida: Leia a senha do ambiente.
  - Verificação: Remova o literal e rode a revisao de novo.
aurumcode review: policy gate: seguranca#sem-segredos-no-codigo - Sem segredos no codigo (severidade warning, limiar warning, origem skills)
exit_code=3
RESULTADO: a politica reprova o achado que cita a skill dela
