== auditoria-reprovado
$ aurumcode review --base main --politica /policy --modelo modelo-demo --auditoria /work/auditoria.json
aurumcode review: reviewing with model "modelo-demo" (offline fixture provider)
aurumcode review: gate verdict reuse unavailable (AURUMCODE_CACHE_DIR not set): this run's verdict cannot be shared with another run, and could not reuse one either
aurumcode review: policy gate: seguranca#sem-segredos-no-codigo: Sem segredos no codigo (severidade error, limiar error)
## Code Review Summary

**Verdict:** Changes requested

**Findings by severity:**
- error: 1
- warning: 0
- info: 0

**Files touched:**
- app.go


```mermaid
flowchart TD
    n0["app.go"]

```
app.go:6: [error] Credencial literal proibida pela politica da organizacao. (rule seguranca#sem-segredos-no-codigo: Sem segredos no codigo)
exit_code=3
RESULTADO: a revisao reprova e a auditoria e escrita mesmo assim
--- campos da auditoria
chaves: policy_digest, workflow_sha, repo, reviewed_sha, model, verdict, gate, blocking_findings, exceptions_applied, coverage
policy_digest: 64 caracteres hex
workflow_sha: 4444444444444444444444444444444444444444
repo: OWNER/REPO
reviewed_sha: 3333333333333333333333333333333333333333
model: modelo-demo
verdict: changes_requested
gate.decision: fail
blocking_findings: seguranca#sem-segredos-no-codigo app.go:6 error origin=skills
exceptions_applied: []
coverage.complete: True
