== sarif-campos
$ aurumcode review --base main --politica /policy --sarif /work/revisao.sarif
aurumcode review: verificação: app.go:6 seguranca#sem-segredos-no-codigo continua bloqueando: o verificador não deu uma resposta válida [invalid_answer]
aurumcode review: reaproveitamento do veredito do gate indisponível (AURUMCODE_CACHE_DIR não definido): o veredito desta execução não pode ser compartilhado com outra execução, nem reaproveitar um anterior
aurumcode review: policy gate: seguranca#sem-segredos-no-codigo - Sem segredos no codigo (severidade error, limiar error, origem skills)
## AurumCode revisão de código

> [!CAUTION]
> **Bloqueado: 1 problema precisa de correção antes do merge.**

gate da política: reprovou · 1 arquivo revisado
app.go:6: [error] Credencial literal proibida pela politica da organizacao. (rule seguranca#sem-segredos-no-codigo: Sem segredos no codigo)
  - Impacto: A senha vai para o historico do repositorio.
  - Evidência: A linha adicionada atribui o literal "hunter2" a dbPassword em app.go.
  - Correção sugerida: Leia a senha do ambiente.
  - Verificação: Remova o literal e rode a revisao de novo.
exit_code=3
RESULTADO: o SARIF e escrito com o gate reprovado
--- campos do SARIF
version: 2.1.0
tool.driver: AurumCode
executionSuccessful: True
result: seguranca#sem-segredos-no-codigo level=error app.go:6 origin=skills
partialFingerprints: aurumcode/findingId/v1
