== sarif-inconclusivo
$ aurumcode review --base main --politica /policy --auditoria /work/auditoria.json --sarif /work/revisao.sarif
aurumcode review: gate verdict reuse unavailable (AURUMCODE_CACHE_DIR not set): this run's verdict cannot be shared with another run, and could not reuse one either
aurumcode review: policy gate: review inconclusive (partial_coverage)
binary file, skipped: logo.png
## Code Review Summary

**Verdict:** Comment

**Findings by severity:**
- error: 0
- warning: 0
- info: 0

**Files touched:**
- None


Review coverage — 0 of 0 file(s) in the diff were covered; 1 were not fully reviewed.
- 1 file(s) were filtered before the review (binary, generated or too large); a file that was not reviewed never counts as approved.
  - logo.png (binary)
Sem achados nas fontes concluídas; inconclusivo: partial_coverage
exit_code=1
RESULTADO: inconclusivo em block reprova
auditoria gate: decision=fail reason=review inconclusive (partial_coverage)
auditoria coverage.complete: False
sarif executionSuccessful: False
sarif notificacoes: ['partial_coverage']
