== ignore-sob-politica
--- sem politica: o .gitleaksignore do repositorio esconde o achado
$ aurumcode review --base main
aurumcode review: gate verdict reuse unavailable (AURUMCODE_CACHE_DIR not set): this run's verdict cannot be shared with another run, and could not reuse one either
## AurumCode revisão de código

> [!NOTE]
> **Aprovado com 1 observação que não bloqueia o merge.**

gate da política: passou · 2 arquivos revisados

Cobertura da revisão
- 1 arquivo(s) não têm gramática no runtime: o contexto estrutural (símbolos e imports) não foi produzido e o modelo leu apenas o texto.
  - .gitleaksignore
config.py:1: [error] Segredo no código casou a regra github-pat (Uncovered a GitHub Personal Access Token, potentially leading to unauthorized repository access and sensitive content exposure.) (rule analysis/hardcoded-secret)
exit_code=0
RESULTADO: sem politica, a impressao digital no .gitleaksignore esconde o achado
--- sob politica central: o .gitleaksignore vira achado
$ aurumcode review --base main --politica /policy
aurumcode review: gate verdict reuse unavailable (AURUMCODE_CACHE_DIR not set): this run's verdict cannot be shared with another run, and could not reuse one either
aurumcode review: policy gate: gitleaks:ignore-file-present - a .gitleaksignore can hide gitleaks findings and no gitleaks flag disables it; under a central policy its presence is a finding (rule gitleaks:ignore-file-present) (severidade error, limiar error, origem gitleaks, secao policy)
## AurumCode code review

> [!CAUTION]
> **Blocked: 1 problem must be fixed before merge.**

policy gate: failed · 2 files reviewed

Review coverage
- 1 file(s) have no grammar in the runtime: structural context (symbols and imports) was not produced and the model read the text only.
  - .gitleaksignore
.gitleaksignore:1: [error] a .gitleaksignore can hide gitleaks findings and no gitleaks flag disables it; under a central policy its presence is a finding (rule gitleaks:ignore-file-present)
config.py:1: [error] Hardcoded secret matched rule github-pat (Uncovered a GitHub Personal Access Token, potentially leading to unauthorized repository access and sensitive content exposure.) (rule analysis/hardcoded-secret)
exit_code=3
RESULTADO: sob politica, o .gitleaksignore na raiz e um achado bloqueante
