== pass: gate aprova, SBOM enviado e assinado
sbom: sbom_app_cyclonedx.json
sbom: CycloneDX 1.7, componentes: lodash@4.17.21
aurumcode review: security pass applied 4 of 8 security rules (security/command-injection, security/hardcoded-secret, security/sql-injection, security/xss); see internal/review/rules/security.yml for the full catalog
aurumcode review: gate verdict reuse unavailable (AURUMCODE_CACHE_DIR not set): this run's verdict cannot be shared with another run, and could not reuse one either
aurumcode review: policy gate: ssor_dtrack: dtrack_refresh_unavailable: recálculo de métricas não permitido à chave; seguiu lendo até assentar
aurumcode review: policy gate: ssor_dtrack: aprovado (critical=0, high=0, policy_violations=0)
## AurumCode code review

> [!TIP]
> **Approved: no problem found in the reviewed change.**

policy gate: passed · 5 files reviewed

Review coverage
- 1 file(s) have no grammar in the runtime: structural context (symbols and imports) was not produced and the model read the text only.
  - .gitignore
No issues found.

Security findings (standards/security-review):
No security findings.
aurumcode review: exit_code=0
dependency-track metricas: critical=0 high=0 policyViolationsTotal=0
dependency-track violacoes: nenhuma
RESULTADO: gate aprovou
cosign: Private key written to cosign.key
cosign: Public key written to cosign.pub
sign: sbom /github/workspace/sbom_app_cyclonedx.json -> /github/workspace/sbom_app_cyclonedx.json.sigstore.json
assinatura: sbom_app_cyclonedx.json.sigstore.json gravado
