== declarado-ou-nao
--- A. nao declarado (o servidor local esta no ar, mas ninguem o consulta)
$ aurumcode review --base main --auditoria audit.json
aurumcode review: reaproveitamento do veredito do gate indisponível (AURUMCODE_CACHE_DIR não definido): o veredito desta execução não pode ser compartilhado com outra execução, nem reaproveitar um anterior
## AurumCode revisão de código

> [!TIP]
> **Aprovado: nenhum problema encontrado na mudança revisada.**

gate da política: passou · 2 arquivos revisados
Nenhum problema encontrado.
--- requisicoes recebidas pelo servidor local (modo valido): 0
exit_code=0
RESULTADO: sem analysis_data declarado o review nao fez nenhuma requisicao e nao imprimiu linha analysis_data
linhas citando analysis_data na saida do review: 0
auditoria: sem campo analysis_data
--- B. declarado, artefato valido de 1 dia (max_age_days: 7)
$ aurumcode review --base main --auditoria audit.json
aurumcode review: reaproveitamento do veredito do gate indisponível (AURUMCODE_CACHE_DIR não definido): o veredito desta execução não pode ser compartilhado com outra execução, nem reaproveitar um anterior
## AurumCode revisão de código

> [!TIP]
> **Aprovado: nenhum problema encontrado na mudança revisada.**

gate da política: passou · 2 arquivos revisados
Nenhum problema encontrado.
--- requisicoes recebidas pelo servidor local (modo valido): 3
    GET /repos/owner/dados-de-analise/releases -> 200
    GET /dl/manifest.json -> 200
    GET /dl/scanners.yml -> 200
exit_code=0
RESULTADO: artefato valido: o review aprovou e registrou digest e data na auditoria
auditoria analysis_data.source: remote
auditoria analysis_data.tag: analysis-data/20261009T041519Z
auditoria analysis_data.generated_at: 2026-10-09T04:15:19Z
auditoria analysis_data.digest: sha256:339a66c28f655d6e784598fee6b2259858279bbd2a33b01f33a1d8ee162b19c1
