== indisponivel
--- A. a listagem responde HTTP 503 e nao ha cache
$ aurumcode review --base main
aurumcode review: reaproveitamento do veredito do gate indisponível (AURUMCODE_CACHE_DIR não definido): o veredito desta execução não pode ser compartilhado com outra execução, nem reaproveitar um anterior
## AurumCode revisão de código

> [!WARNING]
> **Inconclusivo: esta revisão não aprova a mudança.**
> O gate de política reprovou esta execução sem achado acima do limiar; o motivo está no status aurumcode/policy-gate.

gate da política: reprovou · 2 arquivos revisados
Sem achados nas fontes concluídas; inconclusivo: dados de análise indisponíveis [analysis_data_unavailable]
aurumcode review: policy gate: analysis_data: revisão inconclusiva (dados de análise indisponíveis [analysis_data_unavailable]): GET http://127.0.0.1:8080/repos/owner/dados-de-analise/releases?[REDACTED] HTTP 503
--- requisicoes recebidas pelo servidor local (modo indisponivel): 1
    GET /repos/owner/dados-de-analise/releases -> 503
exit_code=1
RESULTADO: listagem 503 sem cache: analysis_data_unavailable reprova
--- B. sem rede nenhuma (container sem rota, nada escuta)
$ aurumcode review --base main
aurumcode review: reaproveitamento do veredito do gate indisponível (AURUMCODE_CACHE_DIR não definido): o veredito desta execução não pode ser compartilhado com outra execução, nem reaproveitar um anterior
## AurumCode revisão de código

> [!WARNING]
> **Inconclusivo: esta revisão não aprova a mudança.**
> O gate de política reprovou esta execução sem achado acima do limiar; o motivo está no status aurumcode/policy-gate.

gate da política: reprovou · 2 arquivos revisados
Sem achados nas fontes concluídas; inconclusivo: dados de análise indisponíveis [analysis_data_unavailable]
aurumcode review: policy gate: analysis_data: revisão inconclusiva (dados de análise indisponíveis [analysis_data_unavailable]): <detalhe de rede omitido do registro>
exit_code=1
RESULTADO: sem rede e sem cache: analysis_data_unavailable reprova
--- C. o mesmo com gate.inconclusive: warn
$ aurumcode review --base main
aurumcode review: reaproveitamento do veredito do gate indisponível (AURUMCODE_CACHE_DIR não definido): o veredito desta execução não pode ser compartilhado com outra execução, nem reaproveitar um anterior
aurumcode review: policy gate: analysis_data: revisão inconclusiva (dados de análise indisponíveis [analysis_data_unavailable]): <detalhe de rede omitido do registro>
## AurumCode revisão de código

> [!WARNING]
> **Inconclusivo: esta revisão não aprova a mudança.**
> O gate de política reprovou esta execução sem achado acima do limiar; o motivo está no status aurumcode/policy-gate.

gate da política: passou · 2 arquivos revisados
Sem achados nas fontes concluídas; inconclusivo: dados de análise indisponíveis [analysis_data_unavailable]
exit_code=0
RESULTADO: sem rede com warn: exit 0, mas nunca aprovado silenciosamente
