== cache-degradado
$ aurumcode review --base main --politica /policy
aurumcode review: verificação: app.go:6 seguranca#sem-segredos-no-codigo continua bloqueando: o verificador não deu uma resposta válida [invalid_answer]
aurumcode review: policy gate: seguranca#sem-segredos-no-codigo - Sem segredos no codigo (severidade warning, limiar warning, origem skills)
## AurumCode revisão de código

> [!CAUTION]
> **Bloqueado: 1 problema precisa de correção antes do merge.**

gate da política: reprovou · 1 arquivo revisado
app.go:6: [warning] Credencial literal proibida pela politica da organizacao. (rule seguranca#sem-segredos-no-codigo: Sem segredos no codigo)
  - Impacto: A senha vai para o historico do repositorio.
  - Evidência: A linha adicionada atribui o literal "hunter2" a dbPassword em app.go.
  - Correção sugerida: Leia a senha do ambiente.
  - Verificação: Remova o literal e rode a revisao de novo.
exit_code=3
RESULTADO: primeira execucao reprova e grava o cache
--- todas as entradas do cache corrompidas
$ aurumcode review --base main --politica /policy
aurumcode review: verificação: app.go:6 seguranca#sem-segredos-no-codigo continua bloqueando: o verificador não deu uma resposta válida [invalid_answer]
aurumcode review: policy gate: seguranca#sem-segredos-no-codigo - Sem segredos no codigo (severidade warning, limiar warning, origem skills)
## AurumCode revisão de código

> [!CAUTION]
> **Bloqueado: 1 problema precisa de correção antes do merge.**

gate da política: reprovou · 1 arquivo revisado
app.go:6: [warning] Credencial literal proibida pela politica da organizacao. (rule seguranca#sem-segredos-no-codigo: Sem segredos no codigo)
  - Impacto: A senha vai para o historico do repositorio.
  - Evidência: A linha adicionada atribui o literal "hunter2" a dbPassword em app.go.
  - Correção sugerida: Leia a senha do ambiente.
  - Verificação: Remova o literal e rode a revisao de novo.
exit_code=3
RESULTADO: cache corrompido: revisao nova, o achado continua reprovando
nenhuma linha de reaproveitamento: nada foi reaproveitado do cache corrompido
