== falha-sem-cache
--- sem AURUMCODE_CACHE_DIR
$ aurumcode review --base main --politica /policy
aurumcode review: verificação: app.go:6 seguranca#sem-segredos-no-codigo continua bloqueando: o verificador não deu uma resposta válida [invalid_answer]
aurumcode review: reaproveitamento do veredito do gate indisponível (AURUMCODE_CACHE_DIR não definido): o veredito desta execução não pode ser compartilhado com outra execução, nem reaproveitar um anterior
aurumcode review: policy gate: seguranca#sem-segredos-no-codigo - Sem segredos no codigo (severidade warning, limiar warning, origem skills)
## AurumCode revisão de código

> [!CAUTION]
> **Bloqueado: 1 problema precisa de correção antes do merge.**

gate da política: reprovou · 1 arquivo revisado
app.go:6: [warning] Credencial literal proibida pela politica da organizacao. (rule seguranca#sem-segredos-no-codigo: Sem segredos no codigo)
  - Impacto: A senha vai para o historico do repositorio.
  - Evidência: A linha adicionada atribui o literal "hunter2" a dbPassword em app.go.
  - Correção sugerida: Leia a senha do ambiente.
  - Verificação: Remova o literal e rode a revisao de novo.
exit_code=3
RESULTADO: sem cache a revisao funciona, mas o veredito nao e compartilhado
--- revisao inconclusiva nunca grava veredito
$ aurumcode review --base main --politica /policy
aurumcode review: policy gate: revisão inconclusiva — parte do diff ficou fora da revisão [partial_coverage]
arquivo gerado, não revisado: gerado.go
## AurumCode revisão de código

> [!WARNING]
> **Inconclusivo: esta revisão não aprova a mudança.**
> O gate de política reprovou esta execução sem achado acima do limiar; o motivo está no status aurumcode/policy-gate.

gate da política: reprovou

Cobertura da revisão — arquivos do diff cobertos: 0 de 0; sem revisão completa: 1.
- 1 arquivo foi filtrado antes da revisão (gerado, grande demais, sem patch ou binário fora do catálogo de formatos); arquivo não revisado nunca conta como aprovado.
  - gerado.go (generated)
Sem achados nas fontes concluídas; inconclusivo: parte do diff ficou fora da revisão [partial_coverage]
exit_code=1
RESULTADO: inconclusivo em block reprova
cache: 0 entrada(s) de veredito, 0 entrada(s) por arquivo
