== politica-mudou
$ aurumcode review --base main --politica /policy
## AurumCode revisão de código

> [!NOTE]
> **Aprovado com 1 observação que não bloqueia o merge.**

gate da política: passou · 1 arquivo revisado
app.go:6: [warning] Credencial literal proibida pela politica da organizacao. (rule seguranca#sem-segredos-no-codigo: Sem segredos no codigo)
  - Impacto: A senha vai para o historico do repositorio.
  - Evidência: A linha adicionada atribui o literal "hunter2" a dbPassword em app.go.
  - Correção sugerida: Leia a senha do ambiente.
  - Verificação: Remova o literal e rode a revisao de novo.
exit_code=0
RESULTADO: politica high: o warning passa
cache: 1 entrada(s) de veredito, 1 entrada(s) por arquivo
$ aurumcode review --base main --politica /policy
aurumcode review: 1 arquivo reaproveitado do cache (não reenviado ao modelo)
aurumcode review: verificação: app.go:6 seguranca#sem-segredos-no-codigo continua bloqueando: o verificador não deu uma resposta válida [invalid_answer]
aurumcode review: policy gate: seguranca#sem-segredos-no-codigo - Sem segredos no codigo (severidade warning, limiar warning, origem skills)
## AurumCode revisão de código

> [!CAUTION]
> **Bloqueado: 1 problema precisa de correção antes do merge.**

gate da política: reprovou · 1 arquivo revisado
app.go:6: [warning] Credencial literal proibida pela politica da organizacao. (rule seguranca#sem-segredos-no-codigo: Sem segredos no codigo)
  - Impacto: A senha vai para o historico do repositorio.
  - Evidência: A linha adicionada atribui o literal "hunter2" a dbPassword em app.go.
  - Correção sugerida: Leia a senha do ambiente.
  - Verificação: Remova o literal e rode a revisao de novo.
exit_code=3
RESULTADO: politica medium: o mesmo warning reprova; a politica nova gera outra entrada de veredito (a resposta por arquivo segue reaproveitada)
cache: 2 entrada(s) de veredito, 1 entrada(s) por arquivo
