== reuso-por-arquivo
--- primeira execucao: cache vazio
$ aurumcode review --base main --politica /policy
aurumcode review: verification: app.go:6 seguranca#sem-segredos-no-codigo still blocks (invalid_answer: veredito desconhecido "")
aurumcode review: policy gate: seguranca#sem-segredos-no-codigo - Sem segredos no codigo (severidade warning, limiar warning, origem skills)
## AurumCode code review

> [!CAUTION]
> **Blocked: 1 problem(s) must be fixed before merge.**

policy gate: failed · 1 file(s) reviewed
app.go:6: [warning] Credencial literal proibida pela politica da organizacao. (rule seguranca#sem-segredos-no-codigo: Sem segredos no codigo)
  - Impact: A senha vai para o historico do repositorio.
  - Evidence: A linha adicionada atribui o literal "hunter2" a dbPassword em app.go.
  - Suggested fix: Leia a senha do ambiente.
  - Verify: Remova o literal e rode a revisao de novo.
exit_code=3
RESULTADO: o achado reprova
cache: 1 entrada(s) de veredito, 1 entrada(s) por arquivo
--- segunda execucao: mesmo SHA, politica e modelo
$ aurumcode review --base main --politica /policy
aurumcode review: reused 1 file(s) from cache (not resent to the model)
aurumcode review: verification: app.go:6 seguranca#sem-segredos-no-codigo still blocks (invalid_answer: veredito desconhecido "")
aurumcode review: policy gate: seguranca#sem-segredos-no-codigo - Sem segredos no codigo (severidade warning, limiar warning, origem skills)
## AurumCode code review

> [!CAUTION]
> **Blocked: 1 problem(s) must be fixed before merge.**

policy gate: failed · 1 file(s) reviewed
app.go:6: [warning] Credencial literal proibida pela politica da organizacao. (rule seguranca#sem-segredos-no-codigo: Sem segredos no codigo)
  - Impact: A senha vai para o historico do repositorio.
  - Evidence: A linha adicionada atribui o literal "hunter2" a dbPassword em app.go.
  - Suggested fix: Leia a senha do ambiente.
  - Verify: Remova o literal e rode a revisao de novo.
exit_code=3
RESULTADO: o mesmo veredito, sem reenviar o arquivo ao modelo
cache: 1 entrada(s) de veredito, 1 entrada(s) por arquivo
