== veredito-base-e-pr
$ aurumcode review --base main --politica /policy
aurumcode review: verificação: app.go:6 seguranca#sem-segredos-no-codigo continua bloqueando: o verificador não deu uma resposta válida [invalid_answer]
aurumcode review: policy gate: seguranca#sem-segredos-no-codigo - Sem segredos no codigo (severidade warning, limiar warning, origem skills)
## AurumCode revisão de código

> [!CAUTION]
> **Bloqueado: 1 problema precisa de correção antes do merge.**

gate da política: reprovou · 1 arquivo revisado
app.go:6: [warning] Credencial literal proibida pela politica da organizacao. (rule seguranca#sem-segredos-no-codigo: Sem segredos no codigo)
  - Impacto: A senha vai para o historico do repositorio.
  - Evidência: A linha adicionada atribui o literal "hunter2" a dbPassword em app.go.
  - Correção sugerida: Leia a senha do ambiente.
  - Verificação: Remova o literal e rode a revisao de novo.
exit_code=3
cache: 1 entrada(s) de veredito, 1 entrada(s) por arquivo
$ aurumcode review --pr 7 --repo OWNER/REPO --publicar --modo-publicacao review --politica /policy
aurumcode review: policy gate: seguranca#sem-segredos-no-codigo - Sem segredos no codigo (severidade warning, limiar warning, origem skills)
parecer publicado na PR #7 como pedido de alteração (sem comentários na linha).
exit_code=3
RESULTADO: o --pr chega ao mesmo veredito
cache: 2 entrada(s) de veredito, 1 entrada(s) por arquivo
NAO DEMONSTRADO: o compartilhamento da mesma chave entre --base e --pr; neste experimento (diff do GitHub falso) cada caminho gravou a sua
