== limiares
$ aurumcode sbom --repo . --trivy-bin /fixtures/wrappers/trivy-wrap.sh
sbom: sbom_app_cyclonedx.json
exit_code=0
sbom: CycloneDX 1.7, componentes: lodash@4.17.15
--- policy_violations: 0 (o servidor reprova lodash 4.17.15)
$ aurumcode review --base main --fail-on error
aurumcode review: gate verdict reuse unavailable (AURUMCODE_CACHE_DIR not set): this run's verdict cannot be shared with another run, and could not reuse one either
aurumcode review: policy gate: ssor_dtrack: dtrack_refresh_unavailable: recálculo de métricas não permitido à chave; seguiu lendo até assentar
aurumcode review: policy gate: ssor_dtrack: policy_violations 1 > policy_violations 0 (origem dtrack)
## AurumCode revisão de código

> [!CAUTION]
> **Bloqueado: 1 problema precisa de correção antes do merge.**

gate da política: reprovou · 4 arquivos revisados
No issues found.
exit_code=3
RESULTADO: uma violacao de politica acima do limite 0 reprova o gate
dependency-track metricas: critical=0 high=0 policyViolationsTotal=1
--- o mesmo SBOM com policy_violations: 1
config: limiar-1
$ aurumcode review --base main --fail-on error
aurumcode review: gate verdict reuse unavailable (AURUMCODE_CACHE_DIR not set): this run's verdict cannot be shared with another run, and could not reuse one either
aurumcode review: policy gate: ssor_dtrack: dtrack_refresh_unavailable: recálculo de métricas não permitido à chave; seguiu lendo até assentar
## AurumCode revisão de código

> [!TIP]
aurumcode review: policy gate: ssor_dtrack: aprovado (critical=0, high=0, policy_violations=1)
> **Aprovado: nenhum problema encontrado na mudança revisada.**

gate da política: passou · 4 arquivos revisados
No issues found.
exit_code=0
RESULTADO: com limite 1, a mesma violacao esta dentro do limiar e o gate aprova
