== secret-ausente
--- DTRACK_API_KEY e DTRACK_PROJECT_ID nao definidos, gate.inconclusive: block
$ aurumcode review --base main --fail-on error
aurumcode review: gate verdict reuse unavailable (AURUMCODE_CACHE_DIR not set): this run's verdict cannot be shared with another run, and could not reuse one either
aurumcode review: policy gate: ssor_dtrack: revisão inconclusiva (dtrack_secret_missing): variável de ambiente "DTRACK_API_KEY" (api_key_secret) ou "DTRACK_PROJECT_ID" (project_id_secret) não definida
## AurumCode code review

> [!WARNING]
> **Inconclusive: this review does not approve the change.**
> The policy gate failed this run without a finding above the threshold; the reason is in the aurumcode/policy-gate status.

policy gate: failed · 4 files reviewed
Sem achados nas fontes concluídas; inconclusivo: dtrack_secret_missing
exit_code=1
RESULTADO: secret ausente com block: o gate reprova (inconclusivo, nunca aprovado)
--- o mesmo caso com gate.inconclusive: warn
config: warn
$ aurumcode review --base main --fail-on error
aurumcode review: gate verdict reuse unavailable (AURUMCODE_CACHE_DIR not set): this run's verdict cannot be shared with another run, and could not reuse one either
aurumcode review: policy gate: ssor_dtrack: revisão inconclusiva (dtrack_secret_missing): variável de ambiente "DTRACK_API_KEY" (api_key_secret) ou "DTRACK_PROJECT_ID" (project_id_secret) não definida
## AurumCode code review

> [!WARNING]
> **Inconclusive: this review does not approve the change.**
> The policy gate failed this run without a finding above the threshold; the reason is in the aurumcode/policy-gate status.

policy gate: passed · 4 files reviewed
Sem achados nas fontes concluídas; inconclusivo: dtrack_secret_missing
exit_code=0
RESULTADO: com warn, o alerta inconclusivo e publicado e o comando sai 0
