== violacao-de-politica
$ aurumcode sbom --repo . --trivy-bin /fixtures/wrappers/trivy-wrap.sh
sbom: sbom_app_cyclonedx.json
exit_code=0
sbom: CycloneDX 1.7, componentes: lodash@4.17.15
$ aurumcode review --base main --fail-on error
aurumcode review: gate verdict reuse unavailable (AURUMCODE_CACHE_DIR not set): this run's verdict cannot be shared with another run, and could not reuse one either
aurumcode review: policy gate: ssor_dtrack: dtrack_refresh_unavailable: recálculo de métricas não permitido à chave; seguiu lendo até assentar
aurumcode review: policy gate: ssor_dtrack: revisão inconclusiva (dtrack_metrics_unsettled)
## Code Review Summary

**Verdict:** Comment

**Findings by severity:**
- error: 0
- warning: 0
- info: 0

**Files touched:**
- None


```mermaid
flowchart TD
    n0[".aurumcode/config.yml"]
    n1["package-lock.json"]
    n2["package.json"]
    n3["src/index.js"]
    n1 --> n2

```
No issues found.
exit_code=1
ERRO: esperado exit_code=3, obtido 1 (a politica do servidor reprova o componente)
