== apelidos-e-instrucoes
$ aurumcode review --base main
## Resumo da Revisão de Código

**Veredito:** Aprovar

**Resultados por severidade:**
- erro: 0
- aviso: 0
- informação: 0

**Arquivos alterados:**
- Nenhum


```mermaid
flowchart TD
    n0["infra.tf"]
    n1["src/main/kotlin/Greeter.kt"]

```
No issues found.
exit_code=0
RESULTADO: revisao feita
prompt: kotlin.md (applyTo: **/*.kt)
prompt: Em Kotlin, prefira val a var e evite o operador !!.
prompt: terraform.md (applyTo: **/*.tf)
prompt: Em Terraform, todo bucket declara acl privada.
prompt: java.md (applyTo: **/*.java) NAO chegou: a mudanca nao toca .java
prompt: a skill .aurumcode/skills/estilo-kotlin/SKILL.md (languages: [kt]) FOI lida: o apelido kt selecionou a gramatica kotlin
