== falha-skill-inexistente
--- no repositorio: aviso, a revisao segue sem esse contexto
$ aurumcode review --base main
aurumcode review: context provider "review skill (.aurumcode/skills/nao-existe.md)" unavailable: context provider "review skill (.aurumcode/skills/nao-existe.md)": reading .aurumcode/skills/nao-existe.md: open /work/.aurumcode/skills/nao-existe.md: no such file or directory; continuing without that context
aurumcode review: 1 finding(s) discarded: 1 citing an unknown rule_id (convencoes#sem-segredos-no-codigo)
## Code Review Summary

**Verdict:** Approve

**Findings by severity:**
- error: 0
- warning: 0
- info: 0

**Files touched:**
- None


```mermaid
flowchart TD
    n0["app.go"]

```
No issues found.
exit_code=0
RESULTADO: localmente a skill ausente e avisada e a revisao continua
--- na politica central: erro de carga, antes de qualquer chamada ao modelo
$ aurumcode review --base main --politica /policy
aurumcode review: central policy: review skill "skills/nao-existe.md": stat /policy/skills/nao-existe.md: no such file or directory
exit_code=1
RESULTADO: politica com skill inexistente falha o comando
