== selecao-por-linguagem
skills de diretorio: estilo-ts com languages: [ts]; estilo-ruim com um apelido desconhecido
--- a mudanca toca so app.go
$ aurumcode review --base main
## Resumo da Revisão de Código

**Veredito:** Aprovar

**Resultados por severidade:**
- erro: 0
- aviso: 0
- informação: 0

**Arquivos alterados:**
- Nenhum


```mermaid
flowchart TD
    n0["app.go"]

```

### Limitações da revisão

- skill "estilo-ruim" (.aurumcode/skills/estilo-ruim): unknown language "linguagem-inexistente" in selector; it matches nothing (add an alias to .aurumcode/grammar/aliases.yml or use a grammar name)
No issues found.
exit_code=0
RESULTADO: revisao feita
prompt: a skill estilo-ts NAO chegou: a mudanca nao toca TypeScript
prompt: ### Skill selection warnings
prompt: unknown language "linguagem-inexistente"
--- a mudanca toca app.ts
$ aurumcode review --base main
## Resumo da Revisão de Código

**Veredito:** Aprovar

**Resultados por severidade:**
- erro: 0
- aviso: 0
- informação: 0

**Arquivos alterados:**
- Nenhum


```mermaid
flowchart TD
    n0["app.ts"]

```

### Limitações da revisão

- skill "estilo-ruim" (.aurumcode/skills/estilo-ruim): unknown language "linguagem-inexistente" in selector; it matches nothing (add an alias to .aurumcode/grammar/aliases.yml or use a grammar name)
No issues found.
exit_code=0
RESULTADO: revisao feita
prompt: #### estilo-ts (v1)
prompt: Em TypeScript, prefira unknown a any. MARCADOR-SKILL-TS
prompt: ### Skill selection warnings
prompt: unknown language "linguagem-inexistente"
prompt: a skill estilo-ruim NAO chegou: apelido desconhecido nao casa com nada
