== skill-do-repo
$ aurumcode review --base main
## Code Review Summary

**Verdict:** Changes requested

**Findings by severity:**
- error: 0
- warning: 1
- info: 0

**Files touched:**
- app.go


```mermaid
flowchart TD
    n0["app.go"]

```
app.go:6: [warning] Credencial literal contraria a convencao do time. (rule convencoes#sem-segredos-no-codigo: Sem segredos no codigo)
exit_code=0
RESULTADO: o achado cita a secao da skill como regra; sem gate o exit e 0
prompt: - `convencoes#sem-segredos-no-codigo`
prompt: - `convencoes#erros-com-contexto`
prompt: - review skill (.aurumcode/skills/convencoes.md)
prompt: ## Sem segredos no codigo
prompt: Credenciais vem do ambiente, nunca de literais.
