== nao-casa
--- outro caminho
$ aurumcode review --base main --politica /policy
aurumcode review: verification: app.go:6 seguranca#sem-segredos-no-codigo still blocks (invalid_answer: veredito desconhecido "")
aurumcode review: gate verdict reuse unavailable (AURUMCODE_CACHE_DIR not set): this run's verdict cannot be shared with another run, and could not reuse one either
## AurumCode code review

> [!CAUTION]
> **Blocked: 1 problem must be fixed before merge.**

policy gate: failed · 1 file reviewed
app.go:6: [warning] Credencial literal proibida pela politica da organizacao. (rule seguranca#sem-segredos-no-codigo: Sem segredos no codigo)
  - Impact: A senha vai para o historico do repositorio.
  - Evidence: A linha adicionada atribui o literal "hunter2" a dbPassword em app.go.
  - Suggested fix: Leia a senha do ambiente.
  - Verify: Remova o literal e rode a revisao de novo.
aurumcode review: policy gate: seguranca#sem-segredos-no-codigo - Sem segredos no codigo (severidade warning, limiar warning, origem skills)
exit_code=3
RESULTADO: excecao para outro caminho nao casa
--- outro repositorio
$ aurumcode review --base main --politica /policy
aurumcode review: verification: app.go:6 seguranca#sem-segredos-no-codigo still blocks (invalid_answer: veredito desconhecido "")
aurumcode review: gate verdict reuse unavailable (AURUMCODE_CACHE_DIR not set): this run's verdict cannot be shared with another run, and could not reuse one either
aurumcode review: policy gate: seguranca#sem-segredos-no-codigo - Sem segredos no codigo (severidade warning, limiar warning, origem skills)
## AurumCode code review

> [!CAUTION]
> **Blocked: 1 problem must be fixed before merge.**

policy gate: failed · 1 file reviewed
app.go:6: [warning] Credencial literal proibida pela politica da organizacao. (rule seguranca#sem-segredos-no-codigo: Sem segredos no codigo)
  - Impact: A senha vai para o historico do repositorio.
  - Evidence: A linha adicionada atribui o literal "hunter2" a dbPassword em app.go.
  - Suggested fix: Leia a senha do ambiente.
  - Verify: Remova o literal e rode a revisao de novo.
exit_code=3
RESULTADO: excecao de outro repositorio nao casa
--- repositorio sem remoto origin: identidade nao confirmada
$ aurumcode review --base main --politica /policy
aurumcode review: verification: app.go:6 seguranca#sem-segredos-no-codigo still blocks (invalid_answer: veredito desconhecido "")
aurumcode review: Exceptions disabled: the reviewed repository's identity could not be confirmed from the "origin" remote.
aurumcode review: gate verdict reuse unavailable (AURUMCODE_CACHE_DIR not set): this run's verdict cannot be shared with another run, and could not reuse one either
## AurumCode code review

> [!CAUTION]
> **Blocked: 1 problem must be fixed before merge.**

policy gate: failed · 1 file reviewed
app.go:6: [warning] Credencial literal proibida pela politica da organizacao. (rule seguranca#sem-segredos-no-codigo: Sem segredos no codigo)
  - Impact: A senha vai para o historico do repositorio.
  - Evidence: A linha adicionada atribui o literal "hunter2" a dbPassword em app.go.
  - Suggested fix: Leia a senha do ambiente.
  - Verify: Remova o literal e rode a revisao de novo.
aurumcode review: policy gate: seguranca#sem-segredos-no-codigo - Sem segredos no codigo (severidade warning, limiar warning, origem skills)
exit_code=3
RESULTADO: sem identidade confirmada, nenhuma excecao casa (falha fechado)
