== skill-no-prompt
$ aurumcode review --base main
## Code Review Summary

**Verdict:** Comment

**Findings by severity:**
- error: 0
- warning: 0
- info: 0

**Files touched:**
- None


```mermaid
flowchart TD
    n0["app.py"]

```

### Suggestions

- **Eco da skill** — o prompt recebido trazia a skill de exemplo (MARCA-SKILL-EXEMPLO) Suggestion has no eligible location in the added diff; shown as guidance with no applicable replacement.
No issues found.
exit_code=0
RESULTADO: a skill chegou ao prompt; sem engine nem gate o exit e 0
prompt: Uma funcao faz uma coisa so. MARCA-SKILL-EXEMPLO
