== falha-nao-revisado
--- sem gate: veredito 'Comment', nunca 'Approve'
$ aurumcode review --base main
generated file, skipped: gerado.go
## AurumCode revisão de código

> [!WARNING]
> **Inconclusivo: esta revisão não aprova a mudança.**
> O gate de política reprovou esta execução sem achado acima do limiar; o motivo está no status aurumcode/policy-gate.

sem gate declarado

Cobertura da revisão — 0 de 0 arquivo(s) do diff foram cobertos; 1 não foram revisados por completo.
- 1 arquivo(s) foram filtrados antes da revisão (gerado, grande demais, sem patch ou binário fora do catálogo de formatos); arquivo não revisado nunca conta como aprovado.
  - gerado.go (generated)
Sem achados nas fontes concluídas; inconclusivo: partial_coverage
exit_code=0
RESULTADO: sem gate, exit 0 mas o veredito nao e Approve
--- com gate.inconclusive: block
$ aurumcode review --base main
aurumcode review: gate verdict reuse unavailable (AURUMCODE_CACHE_DIR not set): this run's verdict cannot be shared with another run, and could not reuse one either
aurumcode review: policy gate: review inconclusive (partial_coverage)
generated file, skipped: gerado.go
## AurumCode revisão de código

> [!WARNING]
> **Inconclusivo: esta revisão não aprova a mudança.**
> O gate de política reprovou esta execução sem achado acima do limiar; o motivo está no status aurumcode/policy-gate.

gate da política: reprovou · 1 arquivo revisado

Cobertura da revisão — 1 de 1 arquivo(s) do diff foram cobertos; 1 não foram revisados por completo.
- 1 arquivo(s) foram filtrados antes da revisão (gerado, grande demais, sem patch ou binário fora do catálogo de formatos); arquivo não revisado nunca conta como aprovado.
  - gerado.go (generated)
Sem achados nas fontes concluídas; inconclusivo: partial_coverage
exit_code=1
RESULTADO: com gate.inconclusive: block, cobertura parcial reprova
--- binario com gate.inconclusive: block: declarado ignorado, nao parcial
$ aurumcode review --base main
aurumcode review: gate verdict reuse unavailable (AURUMCODE_CACHE_DIR not set): this run's verdict cannot be shared with another run, and could not reuse one either
binary file, skipped: logo.png
## AurumCode revisão de código

> [!TIP]
> **Aprovado: nenhum problema encontrado na mudança revisada.**

gate da política: passou · 1 arquivo revisado

Cobertura da revisão
- 1 arquivo(s) ignorados (configuração `ignore` do repositório ou binários): ficam fora da conta de cobertura e a ausência deles no contexto NÃO prova que não existam no diff.
  - logo.png (binary)
No issues found.
exit_code=0
RESULTADO: o binario e declarado ignorado, a revisao nao fica parcial e o gate em block nao reprova
