== fix
--- antes
	dbPassword := "hunter2"
$ aurumcode fix --file sugestoes.json > fix.patch
exit_code=0
RESULTADO: fix imprimiu o patch (nada foi escrito no repositorio)
--- a/app.go
+++ b/app.go
@@ -3,6 +3,6 @@
 import "fmt"
 
 func main() {
-	dbPassword := "hunter2"
+	dbPassword := os.Getenv("DB_PASSWORD")
 	fmt.Println("conectando com", dbPassword)
 }
git apply --check: o patch aplica
--- depois
	dbPassword := os.Getenv("DB_PASSWORD")
$ aurumcode fix --file sugestoes.json
aurumcode fix: app.go:6: working tree does not match the suggestion's current_code
exit_code=1
RESULTADO: sugestao velha recusada, sem patch
