== aceite-selado
$ ./.board/bin/oci-run --profile go-unit-offline-v1 --card AUR-523
oci-run: untrusted stdout: AUR-523/all/pass
oci-run: untrusted stderr: === RUN   TestAUR523RealBinaryOutputIsTheSource
oci-run: untrusted stderr: --- PASS: TestAUR523RealBinaryOutputIsTheSource (<t>s)
oci-run: untrusted stderr: === RUN   TestAUR523MutationFixtureReadIsRed
oci-run: untrusted stderr: --- PASS: TestAUR523MutationFixtureReadIsRed (<t>s)
oci-run: untrusted stderr: === RUN   TestAUR523CorpusLabeledVersionedWithDigest
oci-run: untrusted stderr: --- PASS: TestAUR523CorpusLabeledVersionedWithDigest (<t>s)
oci-run: untrusted stderr: === RUN   TestAUR523ReportPerLanguage
oci-run: untrusted stderr: --- PASS: TestAUR523ReportPerLanguage (<t>s)
oci-run: untrusted stderr: === RUN   TestAUR523ReportReproducible
oci-run: untrusted stderr: --- PASS: TestAUR523ReportReproducible (<t>s)
oci-run: untrusted stderr: PASS
oci-run: untrusted stderr: ok  	<modulo>/tests/benchmark <t>s
{"schema":"aurum.acceptance-execution","version":1,"card_id":"AUR-523","profile":"go-unit-offline-v1","profile_source":"registry","profile_digest":"sha256:a53293e94829d0cb788df6aa9d3076770b96ecf4b2d1097713fe26c77d0ab07f","lock_digest":"sha256:026e9310444c083a5e51f5ab99e1d9caa829bf857a8b3c75bf3c317c2df6c4f4","engine":"docker","image":"aurum-bootstrap-go-bash@sha256:b678437d5b61b54437940fd62d5716f237de249ed921765bd02b2077c945308c","input_manifest_digest":"sha256:ac04151a8de9ae62bd5cd87f4a649d7f467946d58fb733605ac0f27715c28921","exit_code":0,"stdout_sha256":"sha256:f97c6fe18717208ea310371e68a1b0be9cfbaabd905c2b0465389d6d27e3de90","stderr_sha256":"sha256:30cb0feccdd42898bb21f8f72cea6548bcb26f5ea579755d5f78ca5997fa7ba6","stdout_bytes":17,"stderr_bytes":550,"output_truncated":false,"timed_out":false,"secret_detected":false,"forbidden_authority_assertion":false,"observation_trusted":false}
exit_code=0
RESULTADO: aceite selado do card AUR-523 passou: o programa de aceite saiu 0 dentro do container selado
RESULTADO: o registro de execucao do oci-run declara exit_code 0 e observation_trusted false
$ ./.board/bin/oci-run --profile nao-existe --card AUR-523
oci-run: profile is not registered: .board/oci/profiles/nao-existe.json is missing
exit_code=78
RESULTADO: profile nao registrado: exit 78
$ ./.board/bin/oci-run --profile go-unit-offline-v1 --card AUR-999
oci-run: expected exactly one card spec for AUR-999
exit_code=66
RESULTADO: card inexistente: exit 66
$ ./.board/bin/oci-run --profile go-unit-offline-v1
oci-run: invalid card id
exit_code=64
RESULTADO: uso errado (falta --card): exit 64
$ env AURUM_OCI_ENGINE=podman PATH=/usr/bin:/bin ./.board/bin/oci-run --profile go-unit-offline-v1 --card AUR-523
oci-run: inconclusive: requested OCI engine is unavailable: podman
exit_code=79
RESULTADO: motor pedido (podman) indisponivel: exit 79 inconclusivo, nunca verde
nao demonstrado aqui: exit 69 (dependencia do bootstrap ausente, por exemplo uma ferramenta que o lock exige) e exit 70 (segredo detectado na entrada materializada)
