== dependencia-e-repin
--- 1. go get numa copia, em container NAO-root, sem rede, pelo cache de modulos do projeto (proxy de arquivo)
$ docker run --rm --network none --user 1000:1000 -e HOME=/tmp -e GOMODCACHE=/tmp/mod -e GOPROXY=file:///cache/download -e GOSUMDB=off -e GOFLAGS=-mod=mod -v <repo>/demo/tutoriais/operacao/.estado/dependencia:/src -v <home>/go/pkg/mod-aurumcode/cache/download:/cache/download:ro -w /src aurum-dev-go:1.27.1-2026-10-02 go get github.com/spf13/pflag
go: downloading github.com/spf13/pflag v1.0.5
go: added github.com/spf13/pflag v1.0.5
exit_code=0
RESULTADO: go get acrescentou a dependencia na COPIA (GOSUMDB=off: sem verificacao de sumdb, porque nao ha rede)
linhas com pflag em go.mod: 1
linhas com pflag em go.sum: 2
RESULTADO: go.mod e go.sum do repositorio real continuam intactos (so a copia mudou)
--- 2. a formula do image_set_digest, conferida contra o registry com a imagem atual
sha256('aurum-bootstrap-go-bash@sha256:b678437d5b61b54437940fd62d5716f237de249ed921765bd02b2077c945308c') = sha256:763cd846763f0b3b441db7519014e31bb9f0308f5db1001cf81022bd7aefbc02
image_set_digest do registry = sha256:763cd846763f0b3b441db7519014e31bb9f0308f5db1001cf81022bd7aefbc02
formula confere
--- 3. a imagem que cada lock de profile fixa (campo image)
bootstrap-readonly-v1 "image": "aurum-bootstrap-go-bash@sha256:b678437d5b61b54437940fd62d5716f237de249ed921765bd02b2077c945308c"
docs-tool-offline-v1 "image": "aurum-bootstrap-go-bash@sha256:b678437d5b61b54437940fd62d5716f237de249ed921765bd02b2077c945308c"
fake-provider-v1 "image": "aurum-bootstrap-go-bash@sha256:b678437d5b61b54437940fd62d5716f237de249ed921765bd02b2077c945308c"
fake-scm-offline-v1 "image": "aurum-bootstrap-go-bash@sha256:b678437d5b61b54437940fd62d5716f237de249ed921765bd02b2077c945308c"
go-git-offline-v1 "image": "golang@sha256:4746d26432a9117a5f58e95cb9f954ddf0de128e9d5816886514199316e4a2fb"
go-unit-offline-v1 "image": "aurum-bootstrap-go-bash@sha256:b678437d5b61b54437940fd62d5716f237de249ed921765bd02b2077c945308c"
oci-conformance-v1 "image": "aurum-bootstrap-go-bash@sha256:b678437d5b61b54437940fd62d5716f237de249ed921765bd02b2077c945308c"
parser-worker-v1 "image": "aurum-bootstrap-go-bash@sha256:b678437d5b61b54437940fd62d5716f237de249ed921765bd02b2077c945308c"
polyglot-toolchain-v1 "image": "aurum-bootstrap-go-bash@sha256:b678437d5b61b54437940fd62d5716f237de249ed921765bd02b2077c945308c"
registry-v1 "image": "aurum-bootstrap-go-bash@sha256:b678437d5b61b54437940fd62d5716f237de249ed921765bd02b2077c945308c"
second-reader-go-v1 "image": "golang@sha256:2414035b086e3c42b99654c8b26e6f5b1b1598080d65fd03c7f499552ff4dc94"
second-reader-shell-v1 "image": "bash@sha256:ae4668c2560999e65e89532cd2ad1b6688bb23298189f0bd229ef80fa4bd0831"
sqlite-offline-v1 "image": "aurum-bootstrap-go-bash@sha256:b678437d5b61b54437940fd62d5716f237de249ed921765bd02b2077c945308c"
trust-root-docker-v1 "image": "bash@sha256:ae4668c2560999e65e89532cd2ad1b6688bb23298189f0bd229ef80fa4bd0831"
nao executado (alteraria o repositorio ou exige rede): docker build da imagem selada, atualizacao do campo image dos locks, lock_digest de cada profile e do registry, image_set_digest, smoke test do oci-run na imagem nova
RESULTADO: a parte demonstravel do repin foi executada
