== scanners-por-digest
scanner secrets: fixado por digest
scanner vuln: fixado por digest
scanner sast: fixado por digest
scanner shell: fixado por digest
scanners fixados por digest: 4
$ bash .board/bootstrap/verify.sh
ok sha256:f67dde36bca7c474de0df4fb13cc3736f6960af0457f60a2f66e175d8152eaab
exit_code=0
RESULTADO: o indice de locks confere os digests dos arquivos de lock
--- copia com a imagem do trivy trocada por outra versao (simula atualizar scanners.yml sem atualizar o indice)
$ bash <repo>/demo/tutoriais/operacao/.estado/scanners/.board/bootstrap/verify.sh
lockset error: digest mismatch for AUR-362
exit_code=1
RESULTADO: scanners.yml alterado sem atualizar o digest do indice: verify.sh reprova
--- imagens dos scanners presentes neste host
presente: docker.io/zricethezav/gitleaks
presente: docker.io/aquasec/trivy
presente: docker.io/semgrep/semgrep
ausente (nao puxada): docker.io/koalaman/shellcheck
