== desligada-nao-guarda
$ aurumcode review --base main --fail-on error
aurumcode review: 1 finding(s) at severity error or above (--fail-on error)
## Code Review Summary

**Verdict:** Changes requested

**Findings by severity:**
- error: 1
- warning: 0
- info: 0

**Files touched:**
- app.go


```mermaid
flowchart TD
    n0[".aurumcode/config.yml"]
    n1["app.go"]

```
app.go:6: [error] A senha do banco esta escrita no codigo. (rule security/hardcoded-secret: Hardcoded Secrets)
  - Impact: Quem le o repositorio ou o historico reutiliza a senha.
  - Evidence: A linha adicionada atribui uma senha literal a dbPassword em app.go.
  - Suggested fix: Leia a senha do ambiente em vez de escreve-la no codigo.
  - Verify: Remova o literal e rode a revisao de novo; o achado deve sumir.
exit_code=3
RESULTADO: com a memoria desligada a revisao roda igual e nada e guardado
--- arquivos de memoria: 0
