== achado-deterministico
--- --seguranca, sem provedor, fail_on [high], inconclusive: warn
$ aurumcode review --base main --politica /policy --seguranca --auditoria /work/auditoria-warn.json
aurumcode review: nenhum provedor de modelo configurado: revisão por modelo não executada; rodando só a análise determinística
aurumcode review: nenhum provedor de modelo configurado.
aurumcode review: Para revisar com um modelo, defina LLM_API_KEY e LLM_BASE_URL.
aurumcode review: Para uso offline, defina AURUMCODE_LLM_FIXTURE=<caminho> apontando para um JSON no formato
aurumcode review: {"issues":[{"file":"<caminho>","line":<n>,"severity":"error|warning|info","rule_id":"<id do catálogo de regras, ex.: security/hardcoded-secret>","message":"<texto>"}]}
aurumcode review: rule_id é obrigatório: um achado sem rule_id, ou com id desconhecido, é descartado e nunca aparece.
aurumcode review: Exemplo pronto no código-fonte do AurumCode: tests/fixtures/review/known-problem-response.json
aurumcode review: security pass applied 4 of 8 security rules (security/command-injection, security/hardcoded-secret, security/sql-injection, security/xss); see internal/review/rules/security.yml for the full catalog
aurumcode review: reaproveitamento do veredito do gate indisponível (AURUMCODE_CACHE_DIR não definido): o veredito desta execução não pode ser compartilhado com outra execução, nem reaproveitar um anterior
aurumcode review: policy gate: revisão inconclusiva — revisão por modelo não executada (sem provedor configurado) [quality_skipped]
aurumcode review: policy gate: security/hardcoded-secret - Segredo ou credencial escrito no código [standards/security-review SCR-003] (rule security/hardcoded-secret - Hardcoded Secrets) (severidade error, limiar error, origem security)
A revisão por modelo não rodou. O relatório abaixo cobre só a análise determinística.
## AurumCode revisão de código

> [!CAUTION]
> **Bloqueado: 1 problema precisa de correção antes do merge.**

gate da política: reprovou · 1 arquivo revisado

Security findings (standards/security-review):
app.go:6: [error] Segredo ou credencial escrito no código [standards/security-review SCR-003] (rule security/hardcoded-secret: Hardcoded Secrets)
exit_code=3
origens na auditoria: security
RESULTADO: warn: o achado [error] do passe de seguranca reprova (exit 3), origem security
--- o mesmo, inconclusive: block
$ aurumcode review --base main --politica /policy --seguranca --auditoria /work/auditoria-block.json
aurumcode review: nenhum provedor de modelo configurado: revisão por modelo não executada; rodando só a análise determinística
aurumcode review: nenhum provedor de modelo configurado.
aurumcode review: Para revisar com um modelo, defina LLM_API_KEY e LLM_BASE_URL.
aurumcode review: Para uso offline, defina AURUMCODE_LLM_FIXTURE=<caminho> apontando para um JSON no formato
aurumcode review: {"issues":[{"file":"<caminho>","line":<n>,"severity":"error|warning|info","rule_id":"<id do catálogo de regras, ex.: security/hardcoded-secret>","message":"<texto>"}]}
aurumcode review: rule_id é obrigatório: um achado sem rule_id, ou com id desconhecido, é descartado e nunca aparece.
aurumcode review: Exemplo pronto no código-fonte do AurumCode: tests/fixtures/review/known-problem-response.json
aurumcode review: security pass applied 4 of 8 security rules (security/command-injection, security/hardcoded-secret, security/sql-injection, security/xss); see internal/review/rules/security.yml for the full catalog
aurumcode review: reaproveitamento do veredito do gate indisponível (AURUMCODE_CACHE_DIR não definido): o veredito desta execução não pode ser compartilhado com outra execução, nem reaproveitar um anterior
aurumcode review: policy gate: revisão inconclusiva — revisão por modelo não executada (sem provedor configurado) [quality_skipped]
aurumcode review: policy gate: security/hardcoded-secret - Segredo ou credencial escrito no código [standards/security-review SCR-003] (rule security/hardcoded-secret - Hardcoded Secrets) (severidade error, limiar error, origem security)
A revisão por modelo não rodou. O relatório abaixo cobre só a análise determinística.
## AurumCode revisão de código

> [!CAUTION]
> **Bloqueado: 1 problema precisa de correção antes do merge.**

gate da política: reprovou · 1 arquivo revisado

Security findings (standards/security-review):
app.go:6: [error] Segredo ou credencial escrito no código [standards/security-review SCR-003] (rule security/hardcoded-secret: Hardcoded Secrets)
exit_code=3
origens na auditoria: security
RESULTADO: block: o achado reprova com exit 3, nao so o inconclusivo
--- sem achado deterministico (diff sem segredo), inconclusive: warn
$ aurumcode review --base main --politica /policy --seguranca
aurumcode review: nenhum provedor de modelo configurado: revisão por modelo não executada; rodando só a análise determinística
aurumcode review: nenhum provedor de modelo configurado.
aurumcode review: Para revisar com um modelo, defina LLM_API_KEY e LLM_BASE_URL.
aurumcode review: Para uso offline, defina AURUMCODE_LLM_FIXTURE=<caminho> apontando para um JSON no formato
aurumcode review: {"issues":[{"file":"<caminho>","line":<n>,"severity":"error|warning|info","rule_id":"<id do catálogo de regras, ex.: security/hardcoded-secret>","message":"<texto>"}]}
aurumcode review: rule_id é obrigatório: um achado sem rule_id, ou com id desconhecido, é descartado e nunca aparece.
aurumcode review: Exemplo pronto no código-fonte do AurumCode: tests/fixtures/review/known-problem-response.json
aurumcode review: security pass applied 4 of 8 security rules (security/command-injection, security/hardcoded-secret, security/sql-injection, security/xss); see internal/review/rules/security.yml for the full catalog
aurumcode review: reaproveitamento do veredito do gate indisponível (AURUMCODE_CACHE_DIR não definido): o veredito desta execução não pode ser compartilhado com outra execução, nem reaproveitar um anterior
aurumcode review: policy gate: revisão inconclusiva — revisão por modelo não executada (sem provedor configurado) [quality_skipped]
A revisão por modelo não rodou. O relatório abaixo cobre só a análise determinística.
## AurumCode revisão de código

> [!WARNING]
> **Inconclusivo: esta revisão não aprova a mudança.**
> A revisão por modelo não foi concluída. Apenas as verificações determinísticas produziram resultado; este parecer não aprova a mudança.

gate da política: passou · 1 arquivo revisado

Security findings (standards/security-review):
No security findings.
exit_code=0
RESULTADO: warn sem achado deterministico continua so avisando (exit 0)
