== fail-on-severidade
--- fail_on [high], achado warning
$ aurumcode review --base main --politica /policy
aurumcode review: gate verdict reuse unavailable (AURUMCODE_CACHE_DIR not set): this run's verdict cannot be shared with another run, and could not reuse one either
## Code Review Summary

**Verdict:** Changes requested

**Findings by severity:**
- error: 0
- warning: 1
- info: 0

**Files touched:**
- app.go


```mermaid
flowchart TD
    n0["app.go"]

```
app.go:6: [warning] Credencial literal proibida pela politica da organizacao. (rule seguranca#sem-segredos-no-codigo: Sem segredos no codigo)
exit_code=0
RESULTADO: warning abaixo do limiar high nao reprova
--- fail_on [medium], o mesmo achado warning
$ aurumcode review --base main --politica /policy
aurumcode review: gate verdict reuse unavailable (AURUMCODE_CACHE_DIR not set): this run's verdict cannot be shared with another run, and could not reuse one either
## Code Review Summary

**Verdict:** Changes requested

**Findings by severity:**
- error: 0
- warning: 1
- info: 0

**Files touched:**
- app.go


```mermaid
flowchart TD
    n0["app.go"]

```
app.go:6: [warning] Credencial literal proibida pela politica da organizacao. (rule seguranca#sem-segredos-no-codigo: Sem segredos no codigo)
aurumcode review: policy gate: seguranca#sem-segredos-no-codigo - Sem segredos no codigo (severidade warning, limiar warning, origem skills)
exit_code=3
RESULTADO: warning no limiar medium reprova (exit 3)
--- fail_on [error], achado error
$ aurumcode review --base main --politica /policy
aurumcode review: gate verdict reuse unavailable (AURUMCODE_CACHE_DIR not set): this run's verdict cannot be shared with another run, and could not reuse one either
aurumcode review: policy gate: seguranca#sem-segredos-no-codigo - Sem segredos no codigo (severidade error, limiar error, origem skills)
## Code Review Summary

**Verdict:** Changes requested

**Findings by severity:**
- error: 1
- warning: 0
- info: 0

**Files touched:**
- app.go


```mermaid
flowchart TD
    n0["app.go"]

```
app.go:6: [error] Credencial literal proibida pela politica da organizacao. (rule seguranca#sem-segredos-no-codigo: Sem segredos no codigo)
exit_code=3
RESULTADO: error reprova com fail_on error
--- fail_on [high], achado error: high e error sao o mesmo limiar
$ aurumcode review --base main --politica /policy
aurumcode review: gate verdict reuse unavailable (AURUMCODE_CACHE_DIR not set): this run's verdict cannot be shared with another run, and could not reuse one either
## Code Review Summary

**Verdict:** Changes requested

**Findings by severity:**
- error: 1
- warning: 0
- info: 0

**Files touched:**
- app.go


```mermaid
flowchart TD
    n0["app.go"]

```
app.go:6: [error] Credencial literal proibida pela politica da organizacao. (rule seguranca#sem-segredos-no-codigo: Sem segredos no codigo)
aurumcode review: policy gate: seguranca#sem-segredos-no-codigo - Sem segredos no codigo (severidade error, limiar error, origem skills)
exit_code=3
RESULTADO: high e error sao o mesmo limiar: o achado error reprova
