== fontes
--- gate.sources: todas
$ aurumcode review --base main --politica /policy --auditoria /work/auditoria-todas.json
aurumcode review: verificação: app.go:6 seguranca#sem-segredos-no-codigo continua bloqueando: o verificador não deu uma resposta válida [invalid_answer]
aurumcode review: reaproveitamento do veredito do gate indisponível (AURUMCODE_CACHE_DIR não definido): o veredito desta execução não pode ser compartilhado com outra execução, nem reaproveitar um anterior
aurumcode review: policy gate: seguranca#sem-segredos-no-codigo - Sem segredos no codigo (severidade error, limiar error, origem skills)
aurumcode review: policy gate: semgrep:policy.regras.senha-literal - Senha literal atribuida a variavel. (rule semgrep:policy.regras.senha-literal) (severidade error, limiar error, origem sast, secao policy)
aurumcode review: policy gate: analysis/hardcoded-secret - Segredo ou credencial atribuído direto no código (rule analysis/hardcoded-secret) (severidade error, limiar error, origem analysis)
## AurumCode revisão de código

> [!CAUTION]
> **Bloqueado: 3 problemas precisam de correção antes do merge.**

gate da política: reprovou · 1 arquivo revisado
app.go:6: [error] Credencial literal proibida pela politica da organizacao. (rule seguranca#sem-segredos-no-codigo: Sem segredos no codigo)
  - Impacto: A senha vai para o historico do repositorio.
  - Evidência: A linha adicionada atribui o literal "hunter2" a dbPassword em app.go.
  - Correção sugerida: Leia a senha do ambiente.
  - Verificação: Remova o literal e rode a revisao de novo.
app.go:6: [error] Segredo ou credencial atribuído direto no código (rule analysis/hardcoded-secret)
app.go:6: [error] Senha literal atribuida a variavel. (rule semgrep:policy.regras.senha-literal)
exit_code=3
RESULTADO: sources todas: o gate reprova
origens na auditoria: analysis, sast, skills
--- gate.sources: skills
$ aurumcode review --base main --politica /policy --auditoria /work/auditoria-skills.json
aurumcode review: verificação: app.go:6 seguranca#sem-segredos-no-codigo continua bloqueando: o verificador não deu uma resposta válida [invalid_answer]
aurumcode review: reaproveitamento do veredito do gate indisponível (AURUMCODE_CACHE_DIR não definido): o veredito desta execução não pode ser compartilhado com outra execução, nem reaproveitar um anterior
aurumcode review: policy gate: seguranca#sem-segredos-no-codigo - Sem segredos no codigo (severidade error, limiar error, origem skills)
## AurumCode revisão de código

> [!CAUTION]
> **Bloqueado: 1 problema precisa de correção antes do merge.**

gate da política: reprovou · 1 arquivo revisado
app.go:6: [error] Credencial literal proibida pela politica da organizacao. (rule seguranca#sem-segredos-no-codigo: Sem segredos no codigo)
  - Impacto: A senha vai para o historico do repositorio.
  - Evidência: A linha adicionada atribui o literal "hunter2" a dbPassword em app.go.
  - Correção sugerida: Leia a senha do ambiente.
  - Verificação: Remova o literal e rode a revisao de novo.
app.go:6: [error] Segredo ou credencial atribuído direto no código (rule analysis/hardcoded-secret)
app.go:6: [error] Senha literal atribuida a variavel. (rule semgrep:policy.regras.senha-literal)
exit_code=3
RESULTADO: sources skills: o gate reprova
origens na auditoria: skills
--- gate.sources: analysis
$ aurumcode review --base main --politica /policy --auditoria /work/auditoria-analysis.json
aurumcode review: reaproveitamento do veredito do gate indisponível (AURUMCODE_CACHE_DIR não definido): o veredito desta execução não pode ser compartilhado com outra execução, nem reaproveitar um anterior
aurumcode review: policy gate: analysis/hardcoded-secret - Segredo ou credencial atribuído direto no código (rule analysis/hardcoded-secret) (severidade error, limiar error, origem analysis)
## AurumCode revisão de código

> [!CAUTION]
> **Bloqueado: 1 problema precisa de correção antes do merge.**

gate da política: reprovou · 1 arquivo revisado
app.go:6: [error] Credencial literal proibida pela politica da organizacao. (rule seguranca#sem-segredos-no-codigo: Sem segredos no codigo)
  - Impacto: A senha vai para o historico do repositorio.
  - Evidência: A linha adicionada atribui o literal "hunter2" a dbPassword em app.go.
  - Correção sugerida: Leia a senha do ambiente.
  - Verificação: Remova o literal e rode a revisao de novo.
app.go:6: [error] Segredo ou credencial atribuído direto no código (rule analysis/hardcoded-secret)
app.go:6: [error] Senha literal atribuida a variavel. (rule semgrep:policy.regras.senha-literal)
exit_code=3
RESULTADO: sources analysis: o gate reprova
origens na auditoria: analysis
--- gate.sources: sast
$ aurumcode review --base main --politica /policy --auditoria /work/auditoria-sast.json
aurumcode review: reaproveitamento do veredito do gate indisponível (AURUMCODE_CACHE_DIR não definido): o veredito desta execução não pode ser compartilhado com outra execução, nem reaproveitar um anterior
aurumcode review: policy gate: semgrep:policy.regras.senha-literal - Senha literal atribuida a variavel. (rule semgrep:policy.regras.senha-literal) (severidade error, limiar error, origem sast, secao policy)
## AurumCode revisão de código

> [!CAUTION]
> **Bloqueado: 1 problema precisa de correção antes do merge.**

gate da política: reprovou · 1 arquivo revisado
app.go:6: [error] Credencial literal proibida pela politica da organizacao. (rule seguranca#sem-segredos-no-codigo: Sem segredos no codigo)
  - Impacto: A senha vai para o historico do repositorio.
  - Evidência: A linha adicionada atribui o literal "hunter2" a dbPassword em app.go.
  - Correção sugerida: Leia a senha do ambiente.
  - Verificação: Remova o literal e rode a revisao de novo.
app.go:6: [error] Segredo ou credencial atribuído direto no código (rule analysis/hardcoded-secret)
app.go:6: [error] Senha literal atribuida a variavel. (rule semgrep:policy.regras.senha-literal)
exit_code=3
RESULTADO: sources sast: o gate reprova
origens na auditoria: sast
