== inconclusivo-sast
--- semgrep falso que falha (exit 2), inconclusive: block
$ aurumcode review --base main --politica /policy
aurumcode review: SAST (Semgrep) inconclusivo: a varredura não produziu resultado confiável (o Semgrep falhou ao rodar [sast_execution_error]); nenhum achado determinístico do Semgrep foi publicado nesta execução. Detalhe da engine: semgrep: execution failed: exit status 2
aurumcode review: reaproveitamento do veredito do gate indisponível (AURUMCODE_CACHE_DIR não definido): o veredito desta execução não pode ser compartilhado com outra execução, nem reaproveitar um anterior
aurumcode review: policy gate: revisão inconclusiva — o Semgrep falhou ao rodar [sast_execution_error]
aurumcode review: policy gate: SAST (semgrep, origem sast, secao policy) inconclusivo (o Semgrep falhou ao rodar [sast_execution_error]) [detalhe: semgrep: execution failed: exit status 2]
## AurumCode revisão de código

> [!WARNING]
> **Inconclusivo: esta revisão não aprova a mudança.**
> O gate de política reprovou esta execução sem achado acima do limiar; o motivo está no status aurumcode/policy-gate.

gate da política: reprovou · 1 arquivo revisado
Sem achados nas fontes concluídas; inconclusivo: o Semgrep falhou ao rodar [sast_execution_error]
exit_code=1
RESULTADO: block: SAST que falhou nunca vira 'sem achados' (sast_execution_error)
--- o mesmo SAST falho, inconclusive: warn
$ aurumcode review --base main --politica /policy
aurumcode review: SAST (Semgrep) inconclusivo: a varredura não produziu resultado confiável (o Semgrep falhou ao rodar [sast_execution_error]); nenhum achado determinístico do Semgrep foi publicado nesta execução. Detalhe da engine: semgrep: execution failed: exit status 2
aurumcode review: reaproveitamento do veredito do gate indisponível (AURUMCODE_CACHE_DIR não definido): o veredito desta execução não pode ser compartilhado com outra execução, nem reaproveitar um anterior
aurumcode review: policy gate: revisão inconclusiva — o Semgrep falhou ao rodar [sast_execution_error]
## AurumCode revisão de código

> [!WARNING]
> **Inconclusivo: esta revisão não aprova a mudança.**
> O gate de política reprovou esta execução sem achado acima do limiar; o motivo está no status aurumcode/policy-gate.

gate da política: passou · 1 arquivo revisado
Sem achados nas fontes concluídas; inconclusivo: o Semgrep falhou ao rodar [sast_execution_error]
aurumcode review: policy gate: SAST (semgrep, origem sast, secao policy) inconclusivo (o Semgrep falhou ao rodar [sast_execution_error]) [detalhe: semgrep: execution failed: exit status 2]
exit_code=0
RESULTADO: warn: SAST falho alerta e sai 0
--- semgrep falso com saida que nao e relatorio, inconclusive: block
$ aurumcode review --base main --politica /policy
aurumcode review: SAST (Semgrep) inconclusivo: a varredura não produziu resultado confiável (a saída do Semgrep não é um relatório válido [sast_invalid_output]); nenhum achado determinístico do Semgrep foi publicado nesta execução. Detalhe da engine: semgrep: semgrep: JSON output has no "results" key: scanner: invalid output
aurumcode review: reaproveitamento do veredito do gate indisponível (AURUMCODE_CACHE_DIR não definido): o veredito desta execução não pode ser compartilhado com outra execução, nem reaproveitar um anterior
aurumcode review: policy gate: revisão inconclusiva — a saída do Semgrep não é um relatório válido [sast_invalid_output]
aurumcode review: policy gate: SAST (semgrep, origem sast, secao policy) inconclusivo (a saída do Semgrep não é um relatório válido [sast_invalid_output]) [detalhe: semgrep: semgrep: JSON output has no "results" key: scanner: invalid output]
## AurumCode revisão de código

> [!WARNING]
> **Inconclusivo: esta revisão não aprova a mudança.**
> O gate de política reprovou esta execução sem achado acima do limiar; o motivo está no status aurumcode/policy-gate.

gate da política: reprovou · 1 arquivo revisado
Sem achados nas fontes concluídas; inconclusivo: a saída do Semgrep não é um relatório válido [sast_invalid_output]
exit_code=1
RESULTADO: block: saida invalida do SAST e inconclusiva (sast_invalid_output)
--- semgrep AUSENTE do PATH, SAST habilitado e SEM gate.inconclusive: o padrao e bloquear
$ aurumcode review --base main --politica /policy
aurumcode review: SAST (Semgrep) inconclusivo: a varredura não produziu resultado confiável (análise estática habilitada, mas o Semgrep não está instalado [sast_unavailable]); nenhum achado determinístico do Semgrep foi publicado nesta execução. Detalhe da engine: semgrep: scanner: git diff: exec: "git": executable file not found in $PATH
aurumcode review: policy gate: SAST (semgrep, origem sast, secao policy) inconclusivo (análise estática habilitada, mas o Semgrep não está instalado [sast_unavailable]) [detalhe: semgrep: scanner: git diff: exec: "git": executable file not found in $PATH]
## AurumCode revisão de código

> [!WARNING]
> **Inconclusivo: esta revisão não aprova a mudança.**
> O gate de política reprovou esta execução sem achado acima do limiar; o motivo está no status aurumcode/policy-gate.

sem gate declarado · 1 arquivo revisado
Sem achados nas fontes concluídas; inconclusivo: análise estática habilitada, mas o Semgrep não está instalado [sast_unavailable]
exit_code=1
RESULTADO: sem gate.inconclusive, scanner habilitado que nao rodou bloqueia (warn so escrito)
--- Semgrep REAL (regra local): a mesma politica conclui e o achado SAST reprova
$ aurumcode review --base main --politica /policy
aurumcode review: reaproveitamento do veredito do gate indisponível (AURUMCODE_CACHE_DIR não definido): o veredito desta execução não pode ser compartilhado com outra execução, nem reaproveitar um anterior
aurumcode review: policy gate: semgrep:policy.regras.senha-literal - Senha literal atribuida a variavel. (rule semgrep:policy.regras.senha-literal) (severidade error, limiar error, origem sast, secao policy)
## AurumCode revisão de código

> [!CAUTION]
> **Bloqueado: 1 problema precisa de correção antes do merge.**

gate da política: reprovou · 1 arquivo revisado
app.go:6: [error] Senha literal atribuida a variavel. (rule semgrep:policy.regras.senha-literal)
exit_code=3
RESULTADO: com o Semgrep real o SAST conclui e o achado reprova (nao e inconclusivo)
