== inconclusivo-provedor
--- inconclusive: block, sem provedor
$ aurumcode review --base main --politica /policy
aurumcode review: nenhum provedor de modelo configurado: revisão por modelo não executada; rodando só a análise determinística
aurumcode review: nenhum provedor de modelo configurado.
aurumcode review: Para revisar com um modelo, defina LLM_API_KEY e LLM_BASE_URL.
aurumcode review: Para uso offline, defina AURUMCODE_LLM_FIXTURE=<caminho> apontando para um JSON no formato
aurumcode review: {"issues":[{"file":"<caminho>","line":<n>,"severity":"error|warning|info","rule_id":"<id do catálogo de regras, ex.: security/hardcoded-secret>","message":"<texto>"}]}
aurumcode review: rule_id é obrigatório: um achado sem rule_id, ou com id desconhecido, é descartado e nunca aparece.
aurumcode review: Exemplo pronto no código-fonte do AurumCode: tests/fixtures/review/known-problem-response.json
aurumcode review: reaproveitamento do veredito do gate indisponível (AURUMCODE_CACHE_DIR não definido): o veredito desta execução não pode ser compartilhado com outra execução, nem reaproveitar um anterior
A revisão por modelo não rodou. O relatório abaixo cobre só a análise determinística.
## AurumCode revisão de código

> [!WARNING]
> **Inconclusivo: esta revisão não aprova a mudança.**
> A revisão por modelo não foi concluída. Apenas as verificações determinísticas produziram resultado; este parecer não aprova a mudança.

gate da política: reprovou · 1 arquivo revisado
aurumcode review: policy gate: revisão inconclusiva — revisão por modelo não executada (sem provedor configurado) [quality_skipped]
exit_code=1
RESULTADO: block: provedor ausente reprova, motivo quality_skipped
--- inconclusive: warn, sem provedor
$ aurumcode review --base main --politica /policy
aurumcode review: nenhum provedor de modelo configurado: revisão por modelo não executada; rodando só a análise determinística
aurumcode review: nenhum provedor de modelo configurado.
aurumcode review: Para revisar com um modelo, defina LLM_API_KEY e LLM_BASE_URL.
aurumcode review: Para uso offline, defina AURUMCODE_LLM_FIXTURE=<caminho> apontando para um JSON no formato
aurumcode review: {"issues":[{"file":"<caminho>","line":<n>,"severity":"error|warning|info","rule_id":"<id do catálogo de regras, ex.: security/hardcoded-secret>","message":"<texto>"}]}
aurumcode review: rule_id é obrigatório: um achado sem rule_id, ou com id desconhecido, é descartado e nunca aparece.
aurumcode review: Exemplo pronto no código-fonte do AurumCode: tests/fixtures/review/known-problem-response.json
aurumcode review: reaproveitamento do veredito do gate indisponível (AURUMCODE_CACHE_DIR não definido): o veredito desta execução não pode ser compartilhado com outra execução, nem reaproveitar um anterior
A revisão por modelo não rodou. O relatório abaixo cobre só a análise determinística.
## AurumCode revisão de código

> [!WARNING]
> **Inconclusivo: esta revisão não aprova a mudança.**
> A revisão por modelo não foi concluída. Apenas as verificações determinísticas produziram resultado; este parecer não aprova a mudança.

gate da política: passou · 1 arquivo revisado
aurumcode review: policy gate: revisão inconclusiva — revisão por modelo não executada (sem provedor configurado) [quality_skipped]
exit_code=0
RESULTADO: warn: provedor ausente alerta e sai 0, nunca aprovado
--- inconclusive: warn com --exigir-qualidade
$ aurumcode review --base main --politica /policy --exigir-qualidade
aurumcode review: nenhum provedor de modelo configurado: revisão por modelo não executada; rodando só a análise determinística
aurumcode review: nenhum provedor de modelo configurado.
aurumcode review: Para revisar com um modelo, defina LLM_API_KEY e LLM_BASE_URL.
aurumcode review: Para uso offline, defina AURUMCODE_LLM_FIXTURE=<caminho> apontando para um JSON no formato
aurumcode review: {"issues":[{"file":"<caminho>","line":<n>,"severity":"error|warning|info","rule_id":"<id do catálogo de regras, ex.: security/hardcoded-secret>","message":"<texto>"}]}
aurumcode review: rule_id é obrigatório: um achado sem rule_id, ou com id desconhecido, é descartado e nunca aparece.
aurumcode review: Exemplo pronto no código-fonte do AurumCode: tests/fixtures/review/known-problem-response.json
aurumcode review: --exigir-qualidade: a revisão por modelo não rodou, então esta execução não é uma revisão completa
aurumcode review: reaproveitamento do veredito do gate indisponível (AURUMCODE_CACHE_DIR não definido): o veredito desta execução não pode ser compartilhado com outra execução, nem reaproveitar um anterior
aurumcode review: policy gate: revisão inconclusiva — o provedor de modelo não respondeu [provider_failure]
A revisão por modelo não rodou. O relatório abaixo cobre só a análise determinística.
## AurumCode revisão de código

> [!WARNING]
> **Inconclusivo: esta revisão não aprova a mudança.**
> A revisão por modelo não foi concluída. Apenas as verificações determinísticas produziram resultado; este parecer não aprova a mudança.

gate da política: passou · 1 arquivo revisado
exit_code=1
RESULTADO: --exigir-qualidade reprova mesmo com warn (provider_failure)
