== repo-afrouxa
--- so o repositorio: inconclusive warn
$ aurumcode review --base main
aurumcode review: gate verdict reuse unavailable (AURUMCODE_CACHE_DIR not set): this run's verdict cannot be shared with another run, and could not reuse one either
aurumcode review: policy gate: review inconclusive (partial_coverage)
binary file, skipped: logo.png
## Code Review Summary

**Verdict:** Comment

**Findings by severity:**
- error: 0
- warning: 0
- info: 0

**Files touched:**
- None


Review coverage — 0 of 0 file(s) in the diff were covered; 1 were not fully reviewed.
- 1 file(s) were filtered before the review (binary, generated or too large); a file that was not reviewed never counts as approved.
  - logo.png (binary)
Sem achados nas fontes concluídas; inconclusivo: partial_coverage
exit_code=0
RESULTADO: o proprio repositorio aceita cobertura parcial como alerta
--- com a politica (inconclusive block): o gate do repositorio e ignorado
$ aurumcode review --base main --politica /policy
aurumcode review: politica central: gate do config do repositório foi ignorado: a política central decide sozinha
binary file, skipped: logo.png
## Code Review Summary

**Verdict:** Comment

**Findings by severity:**
- error: 0
- warning: 0
- info: 0

**Files touched:**
- None


Review coverage — 0 of 0 file(s) in the diff were covered; 1 were not fully reviewed.
- 1 file(s) were filtered before the review (binary, generated or too large); a file that was not reviewed never counts as approved.
  - logo.png (binary)
Sem achados nas fontes concluídas; inconclusivo: partial_coverage
aurumcode review: gate verdict reuse unavailable (AURUMCODE_CACHE_DIR not set): this run's verdict cannot be shared with another run, and could not reuse one either
aurumcode review: policy gate: review inconclusive (partial_coverage)
exit_code=1
RESULTADO: o repositorio nao consegue afrouxar o inconclusive da politica
