== status-pr
--- aprovado
$ aurumcode review --pr 7 --repo OWNER/REPO --publicar --check --modo-publicacao review --politica /policy
aurumcode review: reaproveitamento do veredito do gate indisponível (AURUMCODE_CACHE_DIR não definido): o veredito desta execução não pode ser compartilhado com outra execução, nem reaproveitar um anterior
parecer publicado na PR #7 como comentário (sem comentários na linha).
check "aurumcode/review" publicado no commit 2222222222222222222222222222222222222222: success (nenhum achado grave)
check "aurumcode/policy-gate" publicado no commit 2222222222222222222222222222222222222222: success (aprovado: gate de política aprovado)
exit_code=0
parecer publicado em 7/reviews:
<!-- aurumcode-review -->
## AurumCode revisão de código

> [!NOTE]
> **Aprovado com 1 observação que não bloqueia o merge.**

gate da política: passou · 1 arquivo revisado

### Observações (não bloqueiam)

- `app.go:6` — Credencial literal proibida pela politica da organizacao. (rule seguranca#sem-segredos-no-codigo: Sem segredos no codigo)

### Resumo

Senha escrita no codigo.

<details>
<summary>Detalhes da revisão</summary>

#### Testes

- testes afetados: 1 (pacotes: 1): TestApp (package .)

#### Limitações da revisão

- Contexto do repositório omitido: não foi possível confirmar a identidade do checkout local; esta revisão não envia o conteúdo do checkout local ao provedor e considera apenas o diff remoto.

</details>
status publicado: context=aurumcode/review state=success
  description: nenhum achado grave
status publicado: context=aurumcode/policy-gate state=success
  description: aprovado: gate de política aprovado
--- reprovado
$ aurumcode review --pr 7 --repo OWNER/REPO --publicar --check --modo-publicacao review --politica /policy
aurumcode review: reaproveitamento do veredito do gate indisponível (AURUMCODE_CACHE_DIR não definido): o veredito desta execução não pode ser compartilhado com outra execução, nem reaproveitar um anterior
aurumcode review: policy gate: seguranca#sem-segredos-no-codigo - Sem segredos no codigo (severidade error, limiar error, origem skills)
parecer publicado na PR #7 como pedido de alteração (sem comentários na linha).
check "aurumcode/review" publicado no commit 2222222222222222222222222222222222222222: failure (1 achado grave)
check "aurumcode/policy-gate" publicado no commit 2222222222222222222222222222222222222222: failure (falha: 1 achado reprova o gate — Sem segredos no codigo (error) em app.go:6; detalhes no parecer)
exit_code=3
parecer publicado em 7/reviews:
<!-- aurumcode-review -->
## AurumCode revisão de código

> [!CAUTION]
> **Bloqueado: 1 problema precisa de correção antes do merge.**

gate da política: reprovou · 1 arquivo revisado

### Corrigir antes do merge

- **`app.go:6`** — Credencial literal proibida pela politica da organizacao. (rule seguranca#sem-segredos-no-codigo: Sem segredos no codigo)
  - Impacto: A senha vai para o historico do repositorio.
  - Evidência: A linha adicionada atribui o literal "hunter2" a dbPassword em app.go.
  - Correção sugerida: Leia a senha do ambiente.
  - Verificação: Remova o literal e rode a revisao de novo.

### Resumo

Senha escrita no codigo.

<details>
<summary>Detalhes da revisão</summary>

#### Testes

- testes afetados: 1 (pacotes: 1): TestApp (package .)

#### Limitações da revisão

- Contexto do repositório omitido: não foi possível confirmar a identidade do checkout local; esta revisão não envia o conteúdo do checkout local ao provedor e considera apenas o diff remoto.
- policy gate: seguranca#sem-segredos-no-codigo - Sem segredos no codigo (severidade error, limiar error, origem skills)

</details>
status publicado: context=aurumcode/review state=failure
  description: 1 achado grave
status publicado: context=aurumcode/policy-gate state=failure
  description: falha: 1 achado reprova o gate — Sem segredos no codigo (error) em app.go:6; detalhes no parecer
--- inconclusivo
$ aurumcode review --pr 7 --repo OWNER/REPO --publicar --check --modo-publicacao review --politica /policy
aurumcode review: reaproveitamento do veredito do gate indisponível (AURUMCODE_CACHE_DIR não definido): o veredito desta execução não pode ser compartilhado com outra execução, nem reaproveitar um anterior
aurumcode review: policy gate: revisão inconclusiva — parte do diff ficou fora da revisão [partial_coverage]
parecer publicado na PR #7 como pedido de alteração (sem comentários na linha).
check "aurumcode/review" publicado no commit 2222222222222222222222222222222222222222: success (nenhum achado grave)
check "aurumcode/policy-gate" publicado no commit 2222222222222222222222222222222222222222: failure (inconclusivo: a revisão não cobriu tudo e o gate reprova por configuração — parte do diff ficou fora da revisão [partial_coverage])
exit_code=1
parecer publicado em 7/reviews:
<!-- aurumcode-review -->
## AurumCode revisão de código

> [!WARNING]
> **Inconclusivo: esta revisão não aprova a mudança.**
> O gate de política reprovou esta execução sem achado acima do limiar; o motivo está no status aurumcode/policy-gate.

gate da política: reprovou · 1 arquivo revisado

### Resumo

Mudanca sem risco.

<details>
<summary>Detalhes da revisão</summary>

#### Testes

- testes afetados: 1 (pacotes: 1): TestGerado (package .)

#### Limitações da revisão


**Cobertura da revisão — arquivos do diff cobertos: 1 de 1; sem revisão completa: 1.**

- 1 arquivo foi filtrado antes da revisão (gerado, grande demais, sem patch ou binário fora do catálogo de formatos); arquivo não revisado nunca conta como aprovado.
  - gerado.go (generated)

- Contexto do repositório omitido: não foi possível confirmar a identidade do checkout local; esta revisão não envia o conteúdo do checkout local ao provedor e considera apenas o diff remoto.
- policy gate: revisão inconclusiva — parte do diff ficou fora da revisão [partial_coverage]

</details>
status publicado: context=aurumcode/review state=success
  description: nenhum achado grave
status publicado: context=aurumcode/policy-gate state=failure
  description: inconclusivo: a revisão não cobriu tudo e o gate reprova por configuração — parte do diff ficou fora da revisão [partial_coverage]
RESULTADO: o ultimo caso (inconclusivo em block) sai 1 e publica status failure
